---
source: crates/lgn-api-codegen/src/typescript/mod.rs
expression: content
---
{
  "name": "@lgn/apis",
  "version": "1.0.0",
  "description": "Legion's monorepo",
  "repository": "https://github.com/legion-labs/legion",
  "author": "devs@legionlabs.com",
  "license": "MIT OR Apache-2.0",
  "private": true,
  "scripts": {},
  "peerDependencies": {
    "qs": "^6.10.5"
  }
}

