---
source: tests/sample-data/tests/build.rs
assertion_line: 116
expression: incremental_manifest

---
{
  "compiled_resources": [
    {
      "path": "(1a377760c95e361c,b11243e1-009c-4b69-8be7-cd5bef0ed3e8)|648242a8cf00bfee",
      "checksum": "127b42146277b6659bea4b185c76caa1",
      "size": 16777274
    },
    {
      "path": "(1a377760c95e361c,8f3f0937-0965-4292-8d39-f75d4a7de488)|648242a8cf00bfee",
      "checksum": "29033b1dfe981297e661477bd45fca9f",
      "size": 4194362
    },
    {
      "path": "(1a377760c95e361c,6e0ca2bd-281a-4185-906c-acaa9897759a)|648242a8cf00bfee",
      "checksum": "550a047d2e98d8abfec17bdfce06fd77",
      "size": 4194362
    },
    {
      "path": "(1a377760c95e361c,2839ea70-c411-4302-8f67-e899fdf27645)|648242a8cf00bfee",
      "checksum": "aad98b3fcd9c3bc13ae5a45c3c8926f5",
      "size": 16777274
    },
    {
      "path": "(1a377760c95e361c,b11243e1-009c-4b69-8be7-cd5bef0ed3e8)|648242a8cf00bfee|0659c0b6c23b950d_Albedo",
      "checksum": "0021753e043fccc608eb656709a554fd",
      "size": 5592538
    },
    {
      "path": "(1a377760c95e361c,b11243e1-009c-4b69-8be7-cd5bef0ed3e8)|648242a8cf00bfee|0659c0b6c23b950d_AlbedoBlend",
      "checksum": "c0414651be6b755bb6d7cdbe4bc08391",
      "size": 5592538
    },
    {
      "path": "(1a377760c95e361c,b11243e1-009c-4b69-8be7-cd5bef0ed3e8)|648242a8cf00bfee|0659c0b6c23b950d_Normal",
      "checksum": "0021753e043fccc608eb656709a554fd",
      "size": 5592538
    },
    {
      "path": "(1a377760c95e361c,8f3f0937-0965-4292-8d39-f75d4a7de488)|648242a8cf00bfee|0659c0b6c23b950d_Metalness",
      "checksum": "72b9495b7a0fcbf2ef858abb21479408",
      "size": 2796338
    },
    {
      "path": "(1a377760c95e361c,8f3f0937-0965-4292-8d39-f75d4a7de488)|648242a8cf00bfee|0659c0b6c23b950d_Roughness",
      "checksum": "72b9495b7a0fcbf2ef858abb21479408",
      "size": 2796338
    },
    {
      "path": "(1a377760c95e361c,6e0ca2bd-281a-4185-906c-acaa9897759a)|648242a8cf00bfee|0659c0b6c23b950d_Metalness",
      "checksum": "5c774616651b5c3ff952180df3281e4f",
      "size": 2796338
    },
    {
      "path": "(1a377760c95e361c,6e0ca2bd-281a-4185-906c-acaa9897759a)|648242a8cf00bfee|0659c0b6c23b950d_Roughness",
      "checksum": "5c774616651b5c3ff952180df3281e4f",
      "size": 2796338
    },
    {
      "path": "(1a377760c95e361c,2839ea70-c411-4302-8f67-e899fdf27645)|648242a8cf00bfee|0659c0b6c23b950d_Albedo",
      "checksum": "7f8aab7814aeae5e5781da75463fa01f",
      "size": 5592538
    },
    {
      "path": "(1a377760c95e361c,2839ea70-c411-4302-8f67-e899fdf27645)|648242a8cf00bfee|0659c0b6c23b950d_AlbedoBlend",
      "checksum": "bfa768dcb991af26ffbba4a8bf3921dc",
      "size": 5592538
    },
    {
      "path": "(1a377760c95e361c,2839ea70-c411-4302-8f67-e899fdf27645)|648242a8cf00bfee|0659c0b6c23b950d_Normal",
      "checksum": "7f8aab7814aeae5e5781da75463fa01f",
      "size": 5592538
    },
    {
      "path": "(07dd9f5d1793ed64,48909c46-ad4f-4d6b-a522-2e16e81ba082)|738a5b850f6f8b3a",
      "checksum": "880644f45a7151861cfabe79001316c6",
      "size": 250
    },
    {
      "path": "(1c0ff9e497b0740f,270c28b5-6368-4a21-8ef1-a7d03f85abb3)|1d9ddd99aad89045",
      "checksum": "e50b3f458ee3eb608fa2bbb1902b3835",
      "size": 287
    },
    {
      "path": "(91dc60590cba171e,c6db12c5-47a6-407d-94da-b6853f36eb8a)|e5c099cc30495fed",
      "checksum": "f26271049c496a18c5a63e90676ff51b",
      "size": 87
    },
    {
      "path": "(91dc60590cba171e,7d0e930c-eb69-45c4-a695-fcb787f3700f)|e5c099cc30495fed",
      "checksum": "f26271049c496a18c5a63e90676ff51b",
      "size": 87
    },
    {
      "path": "(1c0ff9e497b0740f,45d44b64-b97c-486d-a0d7-151974c28263)|1d9ddd99aad89045",
      "checksum": "3119b6779d1ab7b437d55b4f6b053da7",
      "size": 271
    },
    {
      "path": "(80b97dd7e2e9edca,7948dc8c-8bc6-4aaf-b3cf-0a21633edc44)|9c9a840b84935d1f",
      "checksum": "b3727675aedad2e3a72ec704485fef6d",
      "size": 967
    },
    {
      "path": "(91dc60590cba171e,ee30f104-3ef5-46e7-af16-4f085bd6f8e3)|e5c099cc30495fed",
      "checksum": "f26271049c496a18c5a63e90676ff51b",
      "size": 87
    },
    {
      "path": "(91dc60590cba171e,7d083d64-cbf9-4786-ae8b-44924b3e2035)|e5c099cc30495fed",
      "checksum": "f26271049c496a18c5a63e90676ff51b",
      "size": 87
    },
    {
      "path": "(91dc60590cba171e,4f595c8b-3b9a-41d6-9cf6-a7557dd2e8ee)|e5c099cc30495fed",
      "checksum": "f26271049c496a18c5a63e90676ff51b",
      "size": 87
    },
    {
      "path": "(91dc60590cba171e,181f9358-000f-47db-9583-7c9448c3dba8)|e5c099cc30495fed",
      "checksum": "03737357aaac789861d40c51f8cf3032",
      "size": 87
    },
    {
      "path": "(1c0ff9e497b0740f,e07c7027-a823-47e5-b0dd-8871e27adfce)|1d9ddd99aad89045",
      "checksum": "b61039a28c4c351cee282b0e34bbabde",
      "size": 385
    },
    {
      "path": "(1c0ff9e497b0740f,db051b98-6ff5-4bac-bea8-50b5a13c3f1b)|1d9ddd99aad89045",
      "checksum": "d77157de3ded7610fcb4130bc66f94f3",
      "size": 271
    },
    {
      "path": "(1c0ff9e497b0740f,7483c534-fe2a-4f16-b655-e9afe39a93ba)|1d9ddd99aad89045",
      "checksum": "5770277e387e61c61966801c736a589f",
      "size": 271
    },
    {
      "path": "(1c0ff9e497b0740f,202e3aa6-f158-4c77-890b-3f59b183b6bd)|1d9ddd99aad89045",
      "checksum": "eda78bd2ed8cc1e261ee71fc9904db45",
      "size": 271
    },
    {
      "path": "(1c0ff9e497b0740f,5d6c8521-ef7f-4402-8fac-01c5c4f53329)|1d9ddd99aad89045",
      "checksum": "13f3982d61e1d41f7b5e0521e6ac22a2",
      "size": 630
    }
  ]
}
