---
source: tests/sample-data/tests/build.rs
assertion_line: 102
expression: manifest

---
{
  "compiled_resources": [
    {
      "path": "(0d4207bbf3a2fd08,4cbc25ba-8743-4f20-9a58-6419770c951f)|44e4b6023fb7a8d3_Hose_low",
      "checksum": "6f3bfd2c5d35552371e83330e399edd7f3d832330deaf1ac5f00cb91856f56d7",
      "size": 5682213
    },
    {
      "path": "(0d4207bbf3a2fd08,4cbc25ba-8743-4f20-9a58-6419770c951f)|44e4b6023fb7a8d3_RubberWood_low",
      "checksum": "5e9268b0bc75c96e27ec320a91d013b4dcdfe2ed30eaac511066a787eb9f67bc",
      "size": 7341527
    },
    {
      "path": "(0d4207bbf3a2fd08,4cbc25ba-8743-4f20-9a58-6419770c951f)|44e4b6023fb7a8d3_GlassPlastic_low",
      "checksum": "43659f8a0cba864c027c877b55e8c94a58eb449880f363bb265bb629821635a3",
      "size": 2511625
    },
    {
      "path": "(0d4207bbf3a2fd08,4cbc25ba-8743-4f20-9a58-6419770c951f)|44e4b6023fb7a8d3_MetalParts_low",
      "checksum": "6fac802c713aff16dcb608cf53e1ee325bc1d5f714a9faf06830a4a46d32b04e",
      "size": 7191806
    },
    {
      "path": "(0d4207bbf3a2fd08,4cbc25ba-8743-4f20-9a58-6419770c951f)|44e4b6023fb7a8d3_LeatherParts_low",
      "checksum": "7c32a7c93fddbf3ee73c518c619a8864d685274e70c60739552e20b8aaf72fa0",
      "size": 6752133
    },
    {
      "path": "(0d4207bbf3a2fd08,4cbc25ba-8743-4f20-9a58-6419770c951f)|44e4b6023fb7a8d3_Lenses_low",
      "checksum": "05badbc4a757f700544d4990d331ccd06eee1e50d1fcc83b422f6600459d9a4b",
      "size": 231408
    },
    {
      "path": "(0d4207bbf3a2fd08,0075173a-9ae1-43d2-a669-a24b8519d397)|44e4b6023fb7a8d3_Cube",
      "checksum": "3f544d32793138ac41dea43f3ae9b30f22fc84ca147711da7056e6a6416747cf",
      "size": 9248
    },
    {
      "path": "(0d4207bbf3a2fd08,4cbc25ba-8743-4f20-9a58-6419770c951f)|44e4b6023fb7a8d3_RubberWood_low|5c4b1b522bf5dcb0",
      "checksum": "a58ebf6768c631725819da22f52d7683f1349f1c4728a02c358e2a159540fdf1",
      "size": 908891
    },
    {
      "path": "(0d4207bbf3a2fd08,0075173a-9ae1-43d2-a669-a24b8519d397)|44e4b6023fb7a8d3_Cube|5c4b1b522bf5dcb0",
      "checksum": "89c3f1c83fd687dc2056924af6d5d268bc9a52abc62870f2b3027c889065f14d",
      "size": 1511
    },
    {
      "path": "(1c0ff9e497b0740f,270c28b5-6368-4a21-8ef1-a7d03f85abb3)|1d9ddd99aad89045",
      "checksum": "47abc41fa8e36e36715c2c35b9e0b553f14dfc2ba5dafab12081343dbe71c27e",
      "size": 262
    },
    {
      "path": "(91dc60590cba171e,c6db12c5-47a6-407d-94da-b6853f36eb8a)|e5c099cc30495fed",
      "checksum": "ba2635f1ab31a114c54fe32f90c521dde5232f1aba13c235737d4d0511530e81",
      "size": 87
    },
    {
      "path": "(91dc60590cba171e,7d0e930c-eb69-45c4-a695-fcb787f3700f)|e5c099cc30495fed",
      "checksum": "ba2635f1ab31a114c54fe32f90c521dde5232f1aba13c235737d4d0511530e81",
      "size": 87
    },
    {
      "path": "(1c0ff9e497b0740f,45d44b64-b97c-486d-a0d7-151974c28263)|1d9ddd99aad89045",
      "checksum": "a0c664722a0934be5064a434a50c8073ddef4235f2a0eea82fda227f2abe5da0",
      "size": 270
    },
    {
      "path": "(0d4207bbf3a2fd08,4cbc25ba-8743-4f20-9a58-6419770c951f)|44e4b6023fb7a8d3_Lenses_low|5c4b1b522bf5dcb0",
      "checksum": "a9d7c7219536d8f176e7e8ac4ea1ddff3a03e7d155bbb3f8746288d9b942c1a3",
      "size": 28927
    },
    {
      "path": "(0d4207bbf3a2fd08,4cbc25ba-8743-4f20-9a58-6419770c951f)|44e4b6023fb7a8d3_LeatherParts_low|5c4b1b522bf5dcb0",
      "checksum": "8f976fec37815fed97017ea651905502df01be15703ec04c2be3a733f260c99e",
      "size": 833375
    },
    {
      "path": "(0d4207bbf3a2fd08,4cbc25ba-8743-4f20-9a58-6419770c951f)|44e4b6023fb7a8d3_GlassPlastic_low|5c4b1b522bf5dcb0",
      "checksum": "0c24e8c755a3424103929b9d342112545e280ed45b564ff3822c1d6e036dae48",
      "size": 310767
    },
    {
      "path": "(0d4207bbf3a2fd08,4cbc25ba-8743-4f20-9a58-6419770c951f)|44e4b6023fb7a8d3_MetalParts_low|5c4b1b522bf5dcb0",
      "checksum": "283368b21275c18450b5cb3989f7db0c74a2514532bc987dbf7f9b36ba7b19b4",
      "size": 884287
    },
    {
      "path": "(0d4207bbf3a2fd08,4cbc25ba-8743-4f20-9a58-6419770c951f)|44e4b6023fb7a8d3_Hose_low|5c4b1b522bf5dcb0",
      "checksum": "b25450860716eb5a1692c74f3de53ad4316dd2ee0e129bfdba97b58e992d418b",
      "size": 704607
    },
    {
      "path": "(91dc60590cba171e,ee30f104-3ef5-46e7-af16-4f085bd6f8e3)|e5c099cc30495fed",
      "checksum": "ba2635f1ab31a114c54fe32f90c521dde5232f1aba13c235737d4d0511530e81",
      "size": 87
    },
    {
      "path": "(91dc60590cba171e,7d083d64-cbf9-4786-ae8b-44924b3e2035)|e5c099cc30495fed",
      "checksum": "ba2635f1ab31a114c54fe32f90c521dde5232f1aba13c235737d4d0511530e81",
      "size": 87
    },
    {
      "path": "(91dc60590cba171e,4f595c8b-3b9a-41d6-9cf6-a7557dd2e8ee)|e5c099cc30495fed",
      "checksum": "ba2635f1ab31a114c54fe32f90c521dde5232f1aba13c235737d4d0511530e81",
      "size": 87
    },
    {
      "path": "(91dc60590cba171e,181f9358-000f-47db-9583-7c9448c3dba8)|e5c099cc30495fed",
      "checksum": "4d55970ffffce478e0d24054a2af970a8e92d4167ce268fa9a609bb9a4fa62e8",
      "size": 87
    },
    {
      "path": "(1c0ff9e497b0740f,e17615cb-5480-4c2a-be4a-3c0660078bb1)|1d9ddd99aad89045",
      "checksum": "ecd95bae8086fc6917706a22a77ce8f09188cd777018085f656856fd32b8f2cf",
      "size": 303
    },
    {
      "path": "(1c0ff9e497b0740f,e07c7027-a823-47e5-b0dd-8871e27adfce)|1d9ddd99aad89045",
      "checksum": "a638ef6b947531ce7ca4720ef51b7ba87840e074c1febcf0ac95049b3e914eb6",
      "size": 288
    },
    {
      "path": "(1c0ff9e497b0740f,db051b98-6ff5-4bac-bea8-50b5a13c3f1b)|1d9ddd99aad89045",
      "checksum": "49d610403d47d1c01f4aaf56f1937fbae203c2800ab494acdcbe034cd7007c4d",
      "size": 244
    },
    {
      "path": "(1c0ff9e497b0740f,bca6fc26-f15b-4a2e-8766-8f16293bc544)|1d9ddd99aad89045",
      "checksum": "1d1f510e6eefa00bc14a826eb3cb8119c7ebaa93efc249d85e12610d6ad4725d",
      "size": 295
    },
    {
      "path": "(1c0ff9e497b0740f,b868d53b-e0dc-4f53-875d-984719e57fa0)|1d9ddd99aad89045",
      "checksum": "dcfe2b5e5c9550f4a3768ea1b9ca5559ab53df6a7b43d6e3c6ffd473bf012b69",
      "size": 302
    },
    {
      "path": "(1c0ff9e497b0740f,b7de73b9-39b1-4972-924a-758dd5ea4377)|1d9ddd99aad89045",
      "checksum": "52e5dc4c47565cc25eb27b012ca0850f712a1ec83ec9fb019d7d260d0dba5239",
      "size": 302
    },
    {
      "path": "(1c0ff9e497b0740f,a0f8a107-7705-4eff-9230-9c486d8aedc4)|1d9ddd99aad89045",
      "checksum": "92a180b0c6d1e931b7133a4c5e0f4969a4566adc52f3d076880e6b4f219263e8",
      "size": 250
    },
    {
      "path": "(1c0ff9e497b0740f,7483c534-fe2a-4f16-b655-e9afe39a93ba)|1d9ddd99aad89045",
      "checksum": "626d29be1b17dbcf8226d0cd203dc814bc059790e9e454da0b68a2825ceafd3c",
      "size": 244
    },
    {
      "path": "(1c0ff9e497b0740f,41607fc3-e32b-425b-87b7-6fad264dff92)|1d9ddd99aad89045",
      "checksum": "b3bdf7c8aea1a299b5fa57a0c0e2ada3bb09a1bbd07ca0dd1b155b79ae11506e",
      "size": 300
    },
    {
      "path": "(1c0ff9e497b0740f,23681ea4-aab8-4d44-92c8-91543cb3205f)|1d9ddd99aad89045",
      "checksum": "9d29787fdd5680e8f44bf04992a5ec515baac92cc2c95ca6c2b38fcb22abddaa",
      "size": 293
    },
    {
      "path": "(1c0ff9e497b0740f,202e3aa6-f158-4c77-890b-3f59b183b6bd)|1d9ddd99aad89045",
      "checksum": "e5cf94230bc91a12e11a1012235c9d66db4e3688f5bb66cef2a50df843e79fc9",
      "size": 244
    },
    {
      "path": "(1c0ff9e497b0740f,5d6c8521-ef7f-4402-8fac-01c5c4f53329)|1d9ddd99aad89045",
      "checksum": "0f0263c0fedb42035f41decb1007f299c937307a1052e85424b617453adfaf1f",
      "size": 965
    }
  ]
}
