---
source: tests/sample-data/tests/build.rs
assertion_line: 83
expression: read_build_output(&buildindex)

---
{
  "version": "0.1.0",
  "compiled_resources": [],
  "compiled_resource_references": []
}
