---
source: tests/sample-data/tests/build.rs
assertion_line: 101
expression: first_buildindex

---
{
  "version": "0.1.0",
  "compiled_resources": [
    {
      "compile_path": "(07dd9f5d1793ed64,48909c46-ad4f-4d6b-a522-2e16e81ba082)|738a5b850f6f8b3a",
      "context_hash": "4b9926f8836373fa",
      "source_hash": "6658a2b0159b0461",
      "compiled_path": "(07dd9f5d1793ed64,48909c46-ad4f-4d6b-a522-2e16e81ba082)|738a5b850f6f8b3a",
      "compiled_checksum": "7fad73068e024c745238a8eaecc912a4",
      "compiled_size": 100
    },
    {
      "compile_path": "(09cde0390abe0694,202e3aa6-f158-4c77-890b-3f59b183b6bd)|e0d46a6b35b5717e",
      "context_hash": "36f1a5fa6721d992",
      "source_hash": "45445caf4e82a43c",
      "compiled_path": "(09cde0390abe0694,202e3aa6-f158-4c77-890b-3f59b183b6bd)|e0d46a6b35b5717e",
      "compiled_checksum": "a0141675d83e8620dede3adeb012f151",
      "compiled_size": 72
    },
    {
      "compile_path": "(09cde0390abe0694,7483c534-fe2a-4f16-b655-e9afe39a93ba)|e0d46a6b35b5717e",
      "context_hash": "36f1a5fa6721d992",
      "source_hash": "932307f25827850e",
      "compiled_path": "(09cde0390abe0694,7483c534-fe2a-4f16-b655-e9afe39a93ba)|e0d46a6b35b5717e",
      "compiled_checksum": "a8c6907774d5669ee91a7f16b7d9449d",
      "compiled_size": 72
    },
    {
      "compile_path": "(09cde0390abe0694,db051b98-6ff5-4bac-bea8-50b5a13c3f1b)|e0d46a6b35b5717e",
      "context_hash": "36f1a5fa6721d992",
      "source_hash": "1554bc552423d980",
      "compiled_path": "(09cde0390abe0694,db051b98-6ff5-4bac-bea8-50b5a13c3f1b)|e0d46a6b35b5717e",
      "compiled_checksum": "68daafdbbf57067296d6bd313333440b",
      "compiled_size": 72
    },
    {
      "compile_path": "(1c0ff9e497b0740f,270c28b5-6368-4a21-8ef1-a7d03f85abb3)|1d9ddd99aad89045",
      "context_hash": "eb3734dc1c411d75",
      "source_hash": "fcb189a6baaa8a46",
      "compiled_path": "(1c0ff9e497b0740f,270c28b5-6368-4a21-8ef1-a7d03f85abb3)|1d9ddd99aad89045",
      "compiled_checksum": "a0446b7ced8de7fa93211e9f0720db8a",
      "compiled_size": 213
    },
    {
      "compile_path": "(1c0ff9e497b0740f,45d44b64-b97c-486d-a0d7-151974c28263)|1d9ddd99aad89045",
      "context_hash": "eb3734dc1c411d75",
      "source_hash": "3a5227c343127ad5",
      "compiled_path": "(1c0ff9e497b0740f,45d44b64-b97c-486d-a0d7-151974c28263)|1d9ddd99aad89045",
      "compiled_checksum": "b0c56e180fa0d0204e0b3a408a768896",
      "compiled_size": 139
    },
    {
      "compile_path": "(1c0ff9e497b0740f,5d6c8521-ef7f-4402-8fac-01c5c4f53329)|1d9ddd99aad89045",
      "context_hash": "eb3734dc1c411d75",
      "source_hash": "a45faa1d21250a59",
      "compiled_path": "(1c0ff9e497b0740f,5d6c8521-ef7f-4402-8fac-01c5c4f53329)|1d9ddd99aad89045",
      "compiled_checksum": "b17525d63bad84dfb6775243ae13f7be",
      "compiled_size": 356
    },
    {
      "compile_path": "(1c0ff9e497b0740f,e07c7027-a823-47e5-b0dd-8871e27adfce)|1d9ddd99aad89045",
      "context_hash": "eb3734dc1c411d75",
      "source_hash": "d7f92287277b9c3b",
      "compiled_path": "(1c0ff9e497b0740f,e07c7027-a823-47e5-b0dd-8871e27adfce)|1d9ddd99aad89045",
      "compiled_checksum": "bc11608bde7a83681f8277dd339cb8db",
      "compiled_size": 285
    },
    {
      "compile_path": "(4976b194d8a1e0c2,8ee3dcef-1aa4-4772-ad9b-28066f06909e)|648242a8cf00bfee",
      "context_hash": "220b7cbb3b3aeb08",
      "source_hash": "dbd2482a4c49e25b",
      "compiled_path": "(4976b194d8a1e0c2,8ee3dcef-1aa4-4772-ad9b-28066f06909e)|648242a8cf00bfee",
      "compiled_checksum": "fe7df89e8f01642850e918b4a925dab1",
      "compiled_size": 1000020
    },
    {
      "compile_path": "(4976b194d8a1e0c2,8ee3dcef-1aa4-4772-ad9b-28066f06909e)|648242a8cf00bfee",
      "context_hash": "220b7cbb3b3aeb08",
      "source_hash": "dbd2482a4c49e25b",
      "compiled_path": "(4976b194d8a1e0c2,8ee3dcef-1aa4-4772-ad9b-28066f06909e)|648242a8cf00bfee_Black Background",
      "compiled_checksum": "889004dded9aeac234b127254526ded9",
      "compiled_size": 1000020
    },
    {
      "compile_path": "(4976b194d8a1e0c2,8ee3dcef-1aa4-4772-ad9b-28066f06909e)|648242a8cf00bfee",
      "context_hash": "220b7cbb3b3aeb08",
      "source_hash": "dbd2482a4c49e25b",
      "compiled_path": "(4976b194d8a1e0c2,8ee3dcef-1aa4-4772-ad9b-28066f06909e)|648242a8cf00bfee_Ferris",
      "compiled_checksum": "022193f7faf9c7367c415c24d705f49e",
      "compiled_size": 1000020
    },
    {
      "compile_path": "(4976b194d8a1e0c2,8ee3dcef-1aa4-4772-ad9b-28066f06909e)|648242a8cf00bfee",
      "context_hash": "220b7cbb3b3aeb08",
      "source_hash": "dbd2482a4c49e25b",
      "compiled_path": "(4976b194d8a1e0c2,8ee3dcef-1aa4-4772-ad9b-28066f06909e)|648242a8cf00bfee_albedo",
      "compiled_checksum": "35d89cc158cfed51ecbe5c4100c88cff",
      "compiled_size": 1000020
    },
    {
      "compile_path": "(4976b194d8a1e0c2,8ee3dcef-1aa4-4772-ad9b-28066f06909e)|648242a8cf00bfee",
      "context_hash": "220b7cbb3b3aeb08",
      "source_hash": "dbd2482a4c49e25b",
      "compiled_path": "(4976b194d8a1e0c2,8ee3dcef-1aa4-4772-ad9b-28066f06909e)|648242a8cf00bfee_metalness",
      "compiled_checksum": "35d89cc158cfed51ecbe5c4100c88cff",
      "compiled_size": 1000020
    },
    {
      "compile_path": "(4976b194d8a1e0c2,8ee3dcef-1aa4-4772-ad9b-28066f06909e)|648242a8cf00bfee",
      "context_hash": "220b7cbb3b3aeb08",
      "source_hash": "dbd2482a4c49e25b",
      "compiled_path": "(4976b194d8a1e0c2,8ee3dcef-1aa4-4772-ad9b-28066f06909e)|648242a8cf00bfee_normal",
      "compiled_checksum": "35d89cc158cfed51ecbe5c4100c88cff",
      "compiled_size": 1000020
    },
    {
      "compile_path": "(4976b194d8a1e0c2,8ee3dcef-1aa4-4772-ad9b-28066f06909e)|648242a8cf00bfee",
      "context_hash": "220b7cbb3b3aeb08",
      "source_hash": "dbd2482a4c49e25b",
      "compiled_path": "(4976b194d8a1e0c2,8ee3dcef-1aa4-4772-ad9b-28066f06909e)|648242a8cf00bfee_roughness",
      "compiled_checksum": "35d89cc158cfed51ecbe5c4100c88cff",
      "compiled_size": 1000020
    },
    {
      "compile_path": "(4976b194d8a1e0c2,8ee3dcef-1aa4-4772-ad9b-28066f06909e)|648242a8cf00bfee_albedo|0659c0b6c23b950d",
      "context_hash": "e81bf7e1d7e5c6e1",
      "source_hash": "768756c2b5a36347",
      "compiled_path": "(4976b194d8a1e0c2,8ee3dcef-1aa4-4772-ad9b-28066f06909e)|648242a8cf00bfee_albedo|0659c0b6c23b950d",
      "compiled_checksum": "ac3a5ecc7b49df329a5f8b73ce832a82",
      "compiled_size": 1000000
    },
    {
      "compile_path": "(4976b194d8a1e0c2,8ee3dcef-1aa4-4772-ad9b-28066f06909e)|648242a8cf00bfee_metalness|0659c0b6c23b950d",
      "context_hash": "e81bf7e1d7e5c6e1",
      "source_hash": "768756c2b5a36347",
      "compiled_path": "(4976b194d8a1e0c2,8ee3dcef-1aa4-4772-ad9b-28066f06909e)|648242a8cf00bfee_metalness|0659c0b6c23b950d",
      "compiled_checksum": "ac3a5ecc7b49df329a5f8b73ce832a82",
      "compiled_size": 1000000
    },
    {
      "compile_path": "(4976b194d8a1e0c2,8ee3dcef-1aa4-4772-ad9b-28066f06909e)|648242a8cf00bfee_normal|0659c0b6c23b950d",
      "context_hash": "e81bf7e1d7e5c6e1",
      "source_hash": "768756c2b5a36347",
      "compiled_path": "(4976b194d8a1e0c2,8ee3dcef-1aa4-4772-ad9b-28066f06909e)|648242a8cf00bfee_normal|0659c0b6c23b950d",
      "compiled_checksum": "ac3a5ecc7b49df329a5f8b73ce832a82",
      "compiled_size": 1000000
    },
    {
      "compile_path": "(4976b194d8a1e0c2,8ee3dcef-1aa4-4772-ad9b-28066f06909e)|648242a8cf00bfee_roughness|0659c0b6c23b950d",
      "context_hash": "e81bf7e1d7e5c6e1",
      "source_hash": "768756c2b5a36347",
      "compiled_path": "(4976b194d8a1e0c2,8ee3dcef-1aa4-4772-ad9b-28066f06909e)|648242a8cf00bfee_roughness|0659c0b6c23b950d",
      "compiled_checksum": "ac3a5ecc7b49df329a5f8b73ce832a82",
      "compiled_size": 1000000
    },
    {
      "compile_path": "(80b97dd7e2e9edca,7948dc8c-8bc6-4aaf-b3cf-0a21633edc44)|9c9a840b84935d1f",
      "context_hash": "02809b74b1505eba",
      "source_hash": "9f9dd904c1b2852b",
      "compiled_path": "(80b97dd7e2e9edca,7948dc8c-8bc6-4aaf-b3cf-0a21633edc44)|9c9a840b84935d1f",
      "compiled_checksum": "78e6a2687928a815808f1eace12fe6e7",
      "compiled_size": 905
    },
    {
      "compile_path": "(91dc60590cba171e,181f9358-000f-47db-9583-7c9448c3dba8)|e5c099cc30495fed",
      "context_hash": "968e2b07580230e9",
      "source_hash": "cd146acc7ce0cfe7",
      "compiled_path": "(91dc60590cba171e,181f9358-000f-47db-9583-7c9448c3dba8)|e5c099cc30495fed",
      "compiled_checksum": "a50140cd5a71e9c9bd6cb93c0e88ddf5",
      "compiled_size": 25
    },
    {
      "compile_path": "(91dc60590cba171e,4f595c8b-3b9a-41d6-9cf6-a7557dd2e8ee)|e5c099cc30495fed",
      "context_hash": "968e2b07580230e9",
      "source_hash": "c63931755868ca09",
      "compiled_path": "(91dc60590cba171e,4f595c8b-3b9a-41d6-9cf6-a7557dd2e8ee)|e5c099cc30495fed",
      "compiled_checksum": "f1116cfc49969a4de3d9871f2a67b76b",
      "compiled_size": 25
    },
    {
      "compile_path": "(91dc60590cba171e,7d083d64-cbf9-4786-ae8b-44924b3e2035)|e5c099cc30495fed",
      "context_hash": "968e2b07580230e9",
      "source_hash": "c63931755868ca09",
      "compiled_path": "(91dc60590cba171e,7d083d64-cbf9-4786-ae8b-44924b3e2035)|e5c099cc30495fed",
      "compiled_checksum": "f1116cfc49969a4de3d9871f2a67b76b",
      "compiled_size": 25
    },
    {
      "compile_path": "(91dc60590cba171e,7d0e930c-eb69-45c4-a695-fcb787f3700f)|e5c099cc30495fed",
      "context_hash": "968e2b07580230e9",
      "source_hash": "c63931755868ca09",
      "compiled_path": "(91dc60590cba171e,7d0e930c-eb69-45c4-a695-fcb787f3700f)|e5c099cc30495fed",
      "compiled_checksum": "f1116cfc49969a4de3d9871f2a67b76b",
      "compiled_size": 25
    },
    {
      "compile_path": "(91dc60590cba171e,c6db12c5-47a6-407d-94da-b6853f36eb8a)|e5c099cc30495fed",
      "context_hash": "968e2b07580230e9",
      "source_hash": "c63931755868ca09",
      "compiled_path": "(91dc60590cba171e,c6db12c5-47a6-407d-94da-b6853f36eb8a)|e5c099cc30495fed",
      "compiled_checksum": "f1116cfc49969a4de3d9871f2a67b76b",
      "compiled_size": 25
    },
    {
      "compile_path": "(91dc60590cba171e,ee30f104-3ef5-46e7-af16-4f085bd6f8e3)|e5c099cc30495fed",
      "context_hash": "968e2b07580230e9",
      "source_hash": "c63931755868ca09",
      "compiled_path": "(91dc60590cba171e,ee30f104-3ef5-46e7-af16-4f085bd6f8e3)|e5c099cc30495fed",
      "compiled_checksum": "f1116cfc49969a4de3d9871f2a67b76b",
      "compiled_size": 25
    }
  ],
  "compiled_resource_references": [
    {
      "compile_path": "(07dd9f5d1793ed64,48909c46-ad4f-4d6b-a522-2e16e81ba082)|738a5b850f6f8b3a",
      "context_hash": "4b9926f8836373fa",
      "source_hash": "6658a2b0159b0461",
      "compiled_path": "(07dd9f5d1793ed64,48909c46-ad4f-4d6b-a522-2e16e81ba082)|738a5b850f6f8b3a",
      "compiled_reference": "(4976b194d8a1e0c2,8ee3dcef-1aa4-4772-ad9b-28066f06909e)|648242a8cf00bfee_albedo|0659c0b6c23b950d"
    },
    {
      "compile_path": "(07dd9f5d1793ed64,48909c46-ad4f-4d6b-a522-2e16e81ba082)|738a5b850f6f8b3a",
      "context_hash": "4b9926f8836373fa",
      "source_hash": "6658a2b0159b0461",
      "compiled_path": "(07dd9f5d1793ed64,48909c46-ad4f-4d6b-a522-2e16e81ba082)|738a5b850f6f8b3a",
      "compiled_reference": "(4976b194d8a1e0c2,8ee3dcef-1aa4-4772-ad9b-28066f06909e)|648242a8cf00bfee_metalness|0659c0b6c23b950d"
    },
    {
      "compile_path": "(07dd9f5d1793ed64,48909c46-ad4f-4d6b-a522-2e16e81ba082)|738a5b850f6f8b3a",
      "context_hash": "4b9926f8836373fa",
      "source_hash": "6658a2b0159b0461",
      "compiled_path": "(07dd9f5d1793ed64,48909c46-ad4f-4d6b-a522-2e16e81ba082)|738a5b850f6f8b3a",
      "compiled_reference": "(4976b194d8a1e0c2,8ee3dcef-1aa4-4772-ad9b-28066f06909e)|648242a8cf00bfee_normal|0659c0b6c23b950d"
    },
    {
      "compile_path": "(07dd9f5d1793ed64,48909c46-ad4f-4d6b-a522-2e16e81ba082)|738a5b850f6f8b3a",
      "context_hash": "4b9926f8836373fa",
      "source_hash": "6658a2b0159b0461",
      "compiled_path": "(07dd9f5d1793ed64,48909c46-ad4f-4d6b-a522-2e16e81ba082)|738a5b850f6f8b3a",
      "compiled_reference": "(4976b194d8a1e0c2,8ee3dcef-1aa4-4772-ad9b-28066f06909e)|648242a8cf00bfee_roughness|0659c0b6c23b950d"
    },
    {
      "compile_path": "(1c0ff9e497b0740f,45d44b64-b97c-486d-a0d7-151974c28263)|1d9ddd99aad89045",
      "context_hash": "eb3734dc1c411d75",
      "source_hash": "3a5227c343127ad5",
      "compiled_path": "(1c0ff9e497b0740f,45d44b64-b97c-486d-a0d7-151974c28263)|1d9ddd99aad89045",
      "compiled_reference": "(91dc60590cba171e,7d0e930c-eb69-45c4-a695-fcb787f3700f)|e5c099cc30495fed"
    },
    {
      "compile_path": "(1c0ff9e497b0740f,45d44b64-b97c-486d-a0d7-151974c28263)|1d9ddd99aad89045",
      "context_hash": "eb3734dc1c411d75",
      "source_hash": "3a5227c343127ad5",
      "compiled_path": "(1c0ff9e497b0740f,45d44b64-b97c-486d-a0d7-151974c28263)|1d9ddd99aad89045",
      "compiled_reference": "(91dc60590cba171e,c6db12c5-47a6-407d-94da-b6853f36eb8a)|e5c099cc30495fed"
    },
    {
      "compile_path": "(1c0ff9e497b0740f,5d6c8521-ef7f-4402-8fac-01c5c4f53329)|1d9ddd99aad89045",
      "context_hash": "eb3734dc1c411d75",
      "source_hash": "a45faa1d21250a59",
      "compiled_path": "(1c0ff9e497b0740f,5d6c8521-ef7f-4402-8fac-01c5c4f53329)|1d9ddd99aad89045",
      "compiled_reference": "(09cde0390abe0694,202e3aa6-f158-4c77-890b-3f59b183b6bd)|e0d46a6b35b5717e"
    },
    {
      "compile_path": "(1c0ff9e497b0740f,5d6c8521-ef7f-4402-8fac-01c5c4f53329)|1d9ddd99aad89045",
      "context_hash": "eb3734dc1c411d75",
      "source_hash": "a45faa1d21250a59",
      "compiled_path": "(1c0ff9e497b0740f,5d6c8521-ef7f-4402-8fac-01c5c4f53329)|1d9ddd99aad89045",
      "compiled_reference": "(09cde0390abe0694,7483c534-fe2a-4f16-b655-e9afe39a93ba)|e0d46a6b35b5717e"
    },
    {
      "compile_path": "(1c0ff9e497b0740f,5d6c8521-ef7f-4402-8fac-01c5c4f53329)|1d9ddd99aad89045",
      "context_hash": "eb3734dc1c411d75",
      "source_hash": "a45faa1d21250a59",
      "compiled_path": "(1c0ff9e497b0740f,5d6c8521-ef7f-4402-8fac-01c5c4f53329)|1d9ddd99aad89045",
      "compiled_reference": "(09cde0390abe0694,db051b98-6ff5-4bac-bea8-50b5a13c3f1b)|e0d46a6b35b5717e"
    },
    {
      "compile_path": "(1c0ff9e497b0740f,5d6c8521-ef7f-4402-8fac-01c5c4f53329)|1d9ddd99aad89045",
      "context_hash": "eb3734dc1c411d75",
      "source_hash": "a45faa1d21250a59",
      "compiled_path": "(1c0ff9e497b0740f,5d6c8521-ef7f-4402-8fac-01c5c4f53329)|1d9ddd99aad89045",
      "compiled_reference": "(1c0ff9e497b0740f,e07c7027-a823-47e5-b0dd-8871e27adfce)|1d9ddd99aad89045"
    },
    {
      "compile_path": "(1c0ff9e497b0740f,5d6c8521-ef7f-4402-8fac-01c5c4f53329)|1d9ddd99aad89045",
      "context_hash": "eb3734dc1c411d75",
      "source_hash": "a45faa1d21250a59",
      "compiled_path": "(1c0ff9e497b0740f,5d6c8521-ef7f-4402-8fac-01c5c4f53329)|1d9ddd99aad89045",
      "compiled_reference": "(91dc60590cba171e,181f9358-000f-47db-9583-7c9448c3dba8)|e5c099cc30495fed"
    },
    {
      "compile_path": "(1c0ff9e497b0740f,5d6c8521-ef7f-4402-8fac-01c5c4f53329)|1d9ddd99aad89045",
      "context_hash": "eb3734dc1c411d75",
      "source_hash": "a45faa1d21250a59",
      "compiled_path": "(1c0ff9e497b0740f,5d6c8521-ef7f-4402-8fac-01c5c4f53329)|1d9ddd99aad89045",
      "compiled_reference": "(91dc60590cba171e,4f595c8b-3b9a-41d6-9cf6-a7557dd2e8ee)|e5c099cc30495fed"
    },
    {
      "compile_path": "(1c0ff9e497b0740f,5d6c8521-ef7f-4402-8fac-01c5c4f53329)|1d9ddd99aad89045",
      "context_hash": "eb3734dc1c411d75",
      "source_hash": "a45faa1d21250a59",
      "compiled_path": "(1c0ff9e497b0740f,5d6c8521-ef7f-4402-8fac-01c5c4f53329)|1d9ddd99aad89045",
      "compiled_reference": "(91dc60590cba171e,7d083d64-cbf9-4786-ae8b-44924b3e2035)|e5c099cc30495fed"
    },
    {
      "compile_path": "(1c0ff9e497b0740f,5d6c8521-ef7f-4402-8fac-01c5c4f53329)|1d9ddd99aad89045",
      "context_hash": "eb3734dc1c411d75",
      "source_hash": "a45faa1d21250a59",
      "compiled_path": "(1c0ff9e497b0740f,5d6c8521-ef7f-4402-8fac-01c5c4f53329)|1d9ddd99aad89045",
      "compiled_reference": "(91dc60590cba171e,ee30f104-3ef5-46e7-af16-4f085bd6f8e3)|e5c099cc30495fed"
    },
    {
      "compile_path": "(1c0ff9e497b0740f,e07c7027-a823-47e5-b0dd-8871e27adfce)|1d9ddd99aad89045",
      "context_hash": "eb3734dc1c411d75",
      "source_hash": "d7f92287277b9c3b",
      "compiled_path": "(1c0ff9e497b0740f,e07c7027-a823-47e5-b0dd-8871e27adfce)|1d9ddd99aad89045",
      "compiled_reference": "(80b97dd7e2e9edca,7948dc8c-8bc6-4aaf-b3cf-0a21633edc44)|9c9a840b84935d1f"
    },
    {
      "compile_path": "(80b97dd7e2e9edca,7948dc8c-8bc6-4aaf-b3cf-0a21633edc44)|9c9a840b84935d1f",
      "context_hash": "02809b74b1505eba",
      "source_hash": "9f9dd904c1b2852b",
      "compiled_path": "(80b97dd7e2e9edca,7948dc8c-8bc6-4aaf-b3cf-0a21633edc44)|9c9a840b84935d1f",
      "compiled_reference": "(07dd9f5d1793ed64,48909c46-ad4f-4d6b-a522-2e16e81ba082)|738a5b850f6f8b3a"
    },
    {
      "compile_path": "(91dc60590cba171e,181f9358-000f-47db-9583-7c9448c3dba8)|e5c099cc30495fed",
      "context_hash": "968e2b07580230e9",
      "source_hash": "cd146acc7ce0cfe7",
      "compiled_path": "(91dc60590cba171e,181f9358-000f-47db-9583-7c9448c3dba8)|e5c099cc30495fed",
      "compiled_reference": "(1c0ff9e497b0740f,45d44b64-b97c-486d-a0d7-151974c28263)|1d9ddd99aad89045"
    },
    {
      "compile_path": "(91dc60590cba171e,4f595c8b-3b9a-41d6-9cf6-a7557dd2e8ee)|e5c099cc30495fed",
      "context_hash": "968e2b07580230e9",
      "source_hash": "c63931755868ca09",
      "compiled_path": "(91dc60590cba171e,4f595c8b-3b9a-41d6-9cf6-a7557dd2e8ee)|e5c099cc30495fed",
      "compiled_reference": "(1c0ff9e497b0740f,270c28b5-6368-4a21-8ef1-a7d03f85abb3)|1d9ddd99aad89045"
    },
    {
      "compile_path": "(91dc60590cba171e,7d083d64-cbf9-4786-ae8b-44924b3e2035)|e5c099cc30495fed",
      "context_hash": "968e2b07580230e9",
      "source_hash": "c63931755868ca09",
      "compiled_path": "(91dc60590cba171e,7d083d64-cbf9-4786-ae8b-44924b3e2035)|e5c099cc30495fed",
      "compiled_reference": "(1c0ff9e497b0740f,270c28b5-6368-4a21-8ef1-a7d03f85abb3)|1d9ddd99aad89045"
    },
    {
      "compile_path": "(91dc60590cba171e,7d0e930c-eb69-45c4-a695-fcb787f3700f)|e5c099cc30495fed",
      "context_hash": "968e2b07580230e9",
      "source_hash": "c63931755868ca09",
      "compiled_path": "(91dc60590cba171e,7d0e930c-eb69-45c4-a695-fcb787f3700f)|e5c099cc30495fed",
      "compiled_reference": "(1c0ff9e497b0740f,270c28b5-6368-4a21-8ef1-a7d03f85abb3)|1d9ddd99aad89045"
    },
    {
      "compile_path": "(91dc60590cba171e,c6db12c5-47a6-407d-94da-b6853f36eb8a)|e5c099cc30495fed",
      "context_hash": "968e2b07580230e9",
      "source_hash": "c63931755868ca09",
      "compiled_path": "(91dc60590cba171e,c6db12c5-47a6-407d-94da-b6853f36eb8a)|e5c099cc30495fed",
      "compiled_reference": "(1c0ff9e497b0740f,270c28b5-6368-4a21-8ef1-a7d03f85abb3)|1d9ddd99aad89045"
    },
    {
      "compile_path": "(91dc60590cba171e,ee30f104-3ef5-46e7-af16-4f085bd6f8e3)|e5c099cc30495fed",
      "context_hash": "968e2b07580230e9",
      "source_hash": "c63931755868ca09",
      "compiled_path": "(91dc60590cba171e,ee30f104-3ef5-46e7-af16-4f085bd6f8e3)|e5c099cc30495fed",
      "compiled_reference": "(1c0ff9e497b0740f,270c28b5-6368-4a21-8ef1-a7d03f85abb3)|1d9ddd99aad89045"
    }
  ],
  "pathid_mapping": [
    [
      "(1d9ddd99aad89045,af7e6ef0-c271-565b-c27a-b8cd93c3546a)",
      "(1c0ff9e497b0740f,5d6c8521-ef7f-4402-8fac-01c5c4f53329)|1d9ddd99aad89045"
    ]
  ]
}
